yarn run v1.22.22
$ cypress run --spec cypress/tests/ui/new-transaction.spec.ts

node.exe : 
No C:\Users\yagoh\AppDa
ta\Roaming\npm\yarn.ps1
:24 caractere:5
+     & "node$exe"  "$b
asedir/node_modules/yar
n/bin/yarn.js" $args
+     ~~~~~~~~~~~~~~~~~
~~~~~~~~~~~~~~~~~~~~~~~
~~~~~~~~~~~~~~~~~~~~
    + CategoryInfo     
         : NotSpecifi  
  ed: (:String) [],    
 RemoteException
    + FullyQualifiedEr 
   rorId : NativeComm  
  andError
 
DevTools listening on w
s://127.0.0.1:58077/dev
tools/browser/c6df5555-
fd99-406d-8df7-2e186408
3de4

====================================================================================================

  (Run Starting)

  ÔöîÔöÇÔöÇÔöÇÔöÇÔöÇÔöÇÔöÇÔöÇÔöÇÔöÇÔöÇÔöÇÔöÇÔöÇÔöÇÔöÇÔöÇÔöÇÔöÇÔöÇÔöÇÔöÇÔöÇÔöÇÔöÇÔöÇÔöÇÔöÇÔöÇÔöÇÔöÇÔöÇÔöÇÔöÇÔöÇÔöÇÔöÇÔöÇÔöÇÔöÇÔöÇÔöÇÔöÇÔöÇÔöÇÔöÇÔöÇÔöÇÔöÇÔöÇÔöÇÔöÇÔöÇÔöÇÔöÇÔöÇÔöÇÔöÇÔöÇÔöÇÔöÇÔöÇÔöÇÔöÇÔöÇÔöÇÔöÇÔöÇÔöÇÔöÇÔöÇÔöÇÔöÇÔöÇÔöÇÔöÇÔöÇÔöÇÔöÇÔöÇÔöÇÔöÇÔöÇÔöÇÔöÇÔöÇÔöÇÔöÇÔöÇÔöÇÔöÇÔöÇÔöÇÔöÇÔöÇÔöÇÔöÉ
  Ôöé Cypress:        15.0.0                                                                         Ôöé
  Ôöé Browser:        Electron 136 (headless)                                                        Ôöé
  Ôöé Node Version:   v20.20.0 (C:\Program Files\nodejs\node.exe)                                    Ôöé
  Ôöé Specs:          1 found (new-transaction.spec.ts)                                              Ôöé
  Ôöé Searched:       C:\Users\yagoh\OneDrive\Documentos\Desenvolvimento\cypress-realworld-app-devel Ôöé
  Ôöé                 op\cypress-realworld-app-develop\cypress\tests\ui\new-transaction.spec.ts      Ôöé
  Ôöé Experiments:    experimentalRunAllSpecs=true,experimentalStudio=true                           Ôöé
  ÔööÔöÇÔöÇÔöÇÔöÇÔöÇÔöÇÔöÇÔöÇÔöÇÔöÇÔöÇÔöÇÔöÇÔöÇÔöÇÔöÇÔöÇÔöÇÔöÇÔöÇÔöÇÔöÇÔöÇÔöÇÔöÇÔöÇÔöÇÔöÇÔöÇÔöÇÔöÇÔöÇÔöÇÔöÇÔöÇÔöÇÔöÇÔöÇÔöÇÔöÇÔöÇÔöÇÔöÇÔöÇÔöÇÔöÇÔöÇÔöÇÔöÇÔöÇÔöÇÔöÇÔöÇÔöÇÔöÇÔöÇÔöÇÔöÇÔöÇÔöÇÔöÇÔöÇÔöÇÔöÇÔöÇÔöÇÔöÇÔöÇÔöÇÔöÇÔöÇÔöÇÔöÇÔöÇÔöÇÔöÇÔöÇÔöÇÔöÇÔöÇÔöÇÔöÇÔöÇÔöÇÔöÇÔöÇÔöÇÔöÇÔöÇÔöÇÔöÇÔöÇÔöÇÔöÇÔöÇÔöÇÔöÿ


ÔöÇÔöÇÔöÇÔöÇÔöÇÔöÇÔöÇÔöÇÔöÇÔöÇÔöÇÔöÇÔöÇÔöÇÔöÇÔöÇÔöÇÔöÇÔöÇÔöÇÔöÇÔöÇÔöÇÔöÇÔöÇÔöÇÔöÇÔöÇÔöÇÔöÇÔöÇÔöÇÔöÇÔöÇÔöÇÔöÇÔöÇÔöÇÔöÇÔöÇÔöÇÔöÇÔöÇÔöÇÔöÇÔöÇÔöÇÔöÇÔöÇÔöÇÔöÇÔöÇÔöÇÔöÇÔöÇÔöÇÔöÇÔöÇÔöÇÔöÇÔöÇÔöÇÔöÇÔöÇÔöÇÔöÇÔöÇÔöÇÔöÇÔöÇÔöÇÔöÇÔöÇÔöÇÔöÇÔöÇÔöÇÔöÇÔöÇÔöÇÔöÇÔöÇÔöÇÔöÇÔöÇÔöÇÔöÇÔöÇÔöÇÔöÇÔöÇÔöÇÔöÇÔöÇÔöÇÔöÇÔöÇÔöÇÔöÇÔöÇ
                                                                                                    
  Running:  new-transaction.spec.ts                                                         (1 of 1)
<<<CYPRESS.STDERR.START
>>>Browserslist: 
browsers data 
(caniuse-lite) is 9 
months old. Please run:
  npx update-browsersli
st-db@latest
  Why you should do it 
regularly: https://gith
ub.com/browserslist/upd
ate-db#readme


  New Transaction
    ÔêÜ navigates to the new transaction form, selects a user and submits a transaction payment (17823ms)
    ÔêÜ navigates to the new transaction form, selects a user and submits a transaction request (8163ms)
    ÔêÜ displays new transaction errors (4224ms)
    ÔêÜ submits a transaction payment and verifies the deposit for the receiver (9840ms)
    ÔêÜ submits a transaction request and accepts the request for the receiver (11982ms)
    searches for a user by attribute
      ÔêÜ firstName (3186ms)
      ÔêÜ lastName (6751ms)
      ÔêÜ username (3924ms)
      ÔêÜ email (3429ms)
      ÔêÜ phoneNumber (3451ms)


  10 passing (1m)


├óÔÇó┬É├óÔÇó┬É├óÔÇó┬É├óÔÇó┬É├óÔÇó┬É├óÔÇó┬É├óÔÇó┬É├óÔÇó┬É├óÔÇó┬É├óÔÇó┬É├óÔÇó┬É├óÔÇó┬É├óÔÇó┬É├óÔÇó┬É├óÔÇó┬É├óÔÇó┬É├óÔÇó┬É├óÔÇó┬É├óÔÇó┬É├óÔÇó┬É├óÔÇó┬É├óÔÇó┬É├óÔÇó┬É├óÔÇó┬É├óÔÇó┬É├óÔÇó┬É├óÔÇó┬É├óÔÇó┬É├óÔÇó┬É├óÔÇó┬É├óÔÇó┬É├óÔÇó┬É├óÔÇó┬É├óÔÇó┬É├óÔÇó┬É├óÔÇó┬É├óÔÇó┬É├óÔÇó┬É├óÔÇó┬É├óÔÇó┬É├óÔÇó┬É├óÔÇó┬É├óÔÇó┬É├óÔÇó┬É├óÔÇó┬É├óÔÇó┬É├óÔÇó┬É├óÔÇó┬É├óÔÇó┬É├óÔÇó┬É├óÔÇó┬É├óÔÇó┬É├óÔÇó┬É├óÔÇó┬É├óÔÇó┬É├óÔÇó┬É├óÔÇó┬É├óÔÇó┬É├óÔÇó┬É
├░┼©ÔÇ£┬╣ V├â┬ìDEO DO TESTE SALVO EM:
   C:\Users\yagoh\OneDrive\Documentos\Desenvolvimento\cypress-realworld-app-develop\cypress-realworld-app-develop\cypress\videos\new-transaction.spec.ts.mp4
├óÔÇó┬É├óÔÇó┬É├óÔÇó┬É├óÔÇó┬É├óÔÇó┬É├óÔÇó┬É├óÔÇó┬É├óÔÇó┬É├óÔÇó┬É├óÔÇó┬É├óÔÇó┬É├óÔÇó┬É├óÔÇó┬É├óÔÇó┬É├óÔÇó┬É├óÔÇó┬É├óÔÇó┬É├óÔÇó┬É├óÔÇó┬É├óÔÇó┬É├óÔÇó┬É├óÔÇó┬É├óÔÇó┬É├óÔÇó┬É├óÔÇó┬É├óÔÇó┬É├óÔÇó┬É├óÔÇó┬É├óÔÇó┬É├óÔÇó┬É├óÔÇó┬É├óÔÇó┬É├óÔÇó┬É├óÔÇó┬É├óÔÇó┬É├óÔÇó┬É├óÔÇó┬É├óÔÇó┬É├óÔÇó┬É├óÔÇó┬É├óÔÇó┬É├óÔÇó┬É├óÔÇó┬É├óÔÇó┬É├óÔÇó┬É├óÔÇó┬É├óÔÇó┬É├óÔÇó┬É├óÔÇó┬É├óÔÇó┬É├óÔÇó┬É├óÔÇó┬É├óÔÇó┬É├óÔÇó┬É├óÔÇó┬É├óÔÇó┬É├óÔÇó┬É├óÔÇó┬É├óÔÇó┬É


  (Results)

  ÔöîÔöÇÔöÇÔöÇÔöÇÔöÇÔöÇÔöÇÔöÇÔöÇÔöÇÔöÇÔöÇÔöÇÔöÇÔöÇÔöÇÔöÇÔöÇÔöÇÔöÇÔöÇÔöÇÔöÇÔöÇÔöÇÔöÇÔöÇÔöÇÔöÇÔöÇÔöÇÔöÇÔöÇÔöÇÔöÇÔöÇÔöÇÔöÇÔöÇÔöÇÔöÇÔöÇÔöÇÔöÇÔöÇÔöÇÔöÇÔöÇÔöÇÔöÇÔöÇÔöÇÔöÇÔöÇÔöÇÔöÇÔöÇÔöÇÔöÇÔöÇÔöÇÔöÇÔöÇÔöÇÔöÇÔöÇÔöÇÔöÇÔöÇÔöÇÔöÇÔöÇÔöÇÔöÇÔöÇÔöÇÔöÇÔöÇÔöÇÔöÇÔöÇÔöÇÔöÇÔöÇÔöÇÔöÇÔöÇÔöÇÔöÇÔöÇÔöÇÔöÇÔöÇÔöÇÔöÇÔöÇÔöÉ
  Ôöé Tests:        10                                                                               Ôöé
  Ôöé Passing:      10                                                                               Ôöé
  Ôöé Failing:      0                                                                                Ôöé
  Ôöé Pending:      0                                                                                Ôöé
  Ôöé Skipped:      0                                                                                Ôöé
  Ôöé Screenshots:  0                                                                                Ôöé
  Ôöé Video:        true                                                                             Ôöé
  Ôöé Duration:     1 minute, 14 seconds                                                             Ôöé
  Ôöé Spec Ran:     new-transaction.spec.ts                                                          Ôöé
  ÔööÔöÇÔöÇÔöÇÔöÇÔöÇÔöÇÔöÇÔöÇÔöÇÔöÇÔöÇÔöÇÔöÇÔöÇÔöÇÔöÇÔöÇÔöÇÔöÇÔöÇÔöÇÔöÇÔöÇÔöÇÔöÇÔöÇÔöÇÔöÇÔöÇÔöÇÔöÇÔöÇÔöÇÔöÇÔöÇÔöÇÔöÇÔöÇÔöÇÔöÇÔöÇÔöÇÔöÇÔöÇÔöÇÔöÇÔöÇÔöÇÔöÇÔöÇÔöÇÔöÇÔöÇÔöÇÔöÇÔöÇÔöÇÔöÇÔöÇÔöÇÔöÇÔöÇÔöÇÔöÇÔöÇÔöÇÔöÇÔöÇÔöÇÔöÇÔöÇÔöÇÔöÇÔöÇÔöÇÔöÇÔöÇÔöÇÔöÇÔöÇÔöÇÔöÇÔöÇÔöÇÔöÇÔöÇÔöÇÔöÇÔöÇÔöÇÔöÇÔöÇÔöÇÔöÇÔöÇÔöÇÔöÿ


  (Video)

  -  Started compressing: Compressing to 32 CRF                                                     
    Compression progress:  29%
    Compression progress:  57%
    Compression progress:  68%
    Compression progress:  80%
    Compression progress:  93%
  -  Finished compressing: 59 seconds                                                

  -  Video output: C:\Users\yagoh\OneDrive\Documentos\Desenvolvimento\cypress-realworld-app-develop\cypress-realworld-app-develop\cypress\videos\new-transaction.spec.ts.mp4


====================================================================================================

  (Run Finished)


       Spec                                              Tests  Passing  Failing  Pending  Skipped  
  ÔöîÔöÇÔöÇÔöÇÔöÇÔöÇÔöÇÔöÇÔöÇÔöÇÔöÇÔöÇÔöÇÔöÇÔöÇÔöÇÔöÇÔöÇÔöÇÔöÇÔöÇÔöÇÔöÇÔöÇÔöÇÔöÇÔöÇÔöÇÔöÇÔöÇÔöÇÔöÇÔöÇÔöÇÔöÇÔöÇÔöÇÔöÇÔöÇÔöÇÔöÇÔöÇÔöÇÔöÇÔöÇÔöÇÔöÇÔöÇÔöÇÔöÇÔöÇÔöÇÔöÇÔöÇÔöÇÔöÇÔöÇÔöÇÔöÇÔöÇÔöÇÔöÇÔöÇÔöÇÔöÇÔöÇÔöÇÔöÇÔöÇÔöÇÔöÇÔöÇÔöÇÔöÇÔöÇÔöÇÔöÇÔöÇÔöÇÔöÇÔöÇÔöÇÔöÇÔöÇÔöÇÔöÇÔöÇÔöÇÔöÇÔöÇÔöÇÔöÇÔöÇÔöÇÔöÇÔöÇÔöÇÔöÉ
  Ôöé ÔêÜ  new-transaction.spec.ts                  01:14       10       10        -        -        - Ôöé
  ÔööÔöÇÔöÇÔöÇÔöÇÔöÇÔöÇÔöÇÔöÇÔöÇÔöÇÔöÇÔöÇÔöÇÔöÇÔöÇÔöÇÔöÇÔöÇÔöÇÔöÇÔöÇÔöÇÔöÇÔöÇÔöÇÔöÇÔöÇÔöÇÔöÇÔöÇÔöÇÔöÇÔöÇÔöÇÔöÇÔöÇÔöÇÔöÇÔöÇÔöÇÔöÇÔöÇÔöÇÔöÇÔöÇÔöÇÔöÇÔöÇÔöÇÔöÇÔöÇÔöÇÔöÇÔöÇÔöÇÔöÇÔöÇÔöÇÔöÇÔöÇÔöÇÔöÇÔöÇÔöÇÔöÇÔöÇÔöÇÔöÇÔöÇÔöÇÔöÇÔöÇÔöÇÔöÇÔöÇÔöÇÔöÇÔöÇÔöÇÔöÇÔöÇÔöÇÔöÇÔöÇÔöÇÔöÇÔöÇÔöÇÔöÇÔöÇÔöÇÔöÇÔöÇÔöÇÔöÇÔöÇÔöÿ
    ÔêÜ  All specs passed!                        01:14       10       10        -        -        -  

Done in 193.13s.
<<<CYPRESS.STDERR.END>>
>
